[11:45:36] ============================================================
[11:45:36] cemetery 0x3d scene inscription — start
[11:45:36] ============================================================
[11:45:36] built quipu: header=129 B, body=1751 B
[11:45:36] apocrypha has 2 UTXOs
[11:45:36]   in:  a58e482a51adafc623887d1ff387b4bdac6755f8f2272c161124a661a1961b9f:0  = 11.5688 DOGE
[11:45:36]   in:  9336717933d019b9a0880ebb54a13bd2d9a15fb813f602968d85a88e36d5b7d2:0  = 1.0 DOGE
[11:45:36] total input value: 12.5688 DOGE
[11:45:36] root_txid (= scene quipu id): 1f63558bdee2f5ead118083ff0af0d5e266acaf347938c5ed2722b6ced1248e3
[11:45:36] root broadcast — waiting for confirmation…
[11:45:36]   root confs=0 (0s)
[11:45:51]   root confs=0 (15s)
[11:46:06]   root confs=0 (30s)
[11:46:21]   root confs=1 (45s)
[11:46:21] root confirmed
[11:46:21] strands precomputed: [(0, 2), (1, 22)]
[11:46:21]   strand 0 tx 0: 5e7615b89aab7e8c9b2c1e1d68935f5835b80b353024eb026b42c12906fe1433
[11:46:21]   strand 0 tx 1: b5f7d02fd97a19fee2fac461d7d3a2a4e3848615eff27963eb83ad4b603794e0
[11:46:21]   strand 1 tx 0: cebd421057b7876d854dea07574874fd0679a7cc0bd7c93fa04647bc934b1c96
[11:46:21]   strand 1 tx 1: 440fc80d08d9bb92dd8c9d14c997c91d5b7db15fa0800cee98ce5ac1fb4423aa
[11:46:21]   strand 1 tx 2: ecb8fcce3bace74329e444b315a3a6480721627b022f5401064502e4611498b0
[11:46:21]   strand 1 tx 3: a076d5af91819a9dc45ffdb135093156bd81e49a029fb026f14084748b4384b3
[11:46:21]   strand 1 tx 4: fd2db1db468eb9a3b30f31171eee0aab98b9dc99a5bed4099ccfae9d5556a2b3
[11:46:21]   strand 1 tx 5: 5b3813a366de0e35c896aea6936a6b617285b2e11f130e80d8d5f48cf916560f
[11:46:21]   strand 1 tx 6: 7592edc353e034ba828738832d98f4c6012474fcd31fca299c6c30446ec74d08
[11:46:21]   strand 1 tx 7: c1252d5d8877b835c25332dfa9aa9898b6a0f75b690fac4d7747a01c98a6900d
[11:46:21]   strand 1 tx 8: 39d95ed35417a886277ae6a66dbf4fa88bc35135e06b5710262c9d1a2f7fc632
[11:46:21]   strand 1 tx 9: b70365584a65e5369eba20013c409a4a8b36299cdab511f7324e44c670a89ecf
[11:46:21]   strand 1 tx 10: e2bc8f8d2b4817201af18c06d1b5961ecc3eca04721cf2a09e35e5b460ce355c
[11:46:21]   strand 1 tx 11: d04b5837004a10cfdded4c63c9232f4e3cacceee2003144e835af3614795908e
[11:46:21]   strand 1 tx 12: 7442852204f2f46a8da3f63e46d2e1b9ffbca525f753903289240e79001e1f93
[11:46:21]   strand 1 tx 13: ca5f5d87dc493bdd13adb775125b82c1117cdead4d69cb756e14c8ff89ef047d
[11:46:21]   strand 1 tx 14: 97f9bcb5055be51115425f54e8d7be5c57f3115f1e6fbc8edc6fe90c54852974
[11:46:21]   strand 1 tx 15: 031e18396fe26de3d505a7e626ff99fa8b0290155694bd2400a75790e52742bc
[11:46:21]   strand 1 tx 16: aeca53f0feaa58f046290744a3bbf2d37f42276489014818d3cbf151a9d5bf73
[11:46:21]   strand 1 tx 17: 1e7cbc40c1953a258ebc7dbacdc8e7841336b8732458b3b7ded6f23e0639e1b8
[11:46:21]   strand 1 tx 18: 8621b1d8c802e8f70ca8e1b28931d86b57114782eb97ebd5515c3c2bb27fbd36
[11:46:21]   strand 1 tx 19: 04db06f137683d2a0983c0626b867817403f87c20715eded10306d3b39c17b41
[11:46:21]   strand 1 tx 20: 7a64c6469a2baf0e5e22a2b40f58b8a6d0188db028c9baac1098f11f9ad5a91f
[11:46:21]   strand 1 tx 21: 74543f9bebf590a21b2686a9e2592b0f519fdcca24abc3e01c5ab13a183ef5e0
[11:46:21] all strand txs broadcast — waiting for terminus confirmations…
[11:46:21]   strands 0/2 confirmed (0s)
[11:46:36]   strands 0/2 confirmed (15s)
[11:46:51]   strands 0/2 confirmed (30s)
[11:47:06]   strands 0/2 confirmed (45s)
[11:47:21]   strands 0/2 confirmed (60s)
[11:47:36]   strands 0/2 confirmed (75s)
[11:47:51]   strands 0/2 confirmed (90s)
[11:48:06]   strands 0/2 confirmed (105s)
[11:48:21]   strands 0/2 confirmed (120s)
[11:48:36]   strands 0/2 confirmed (135s)
[11:48:51]   strands 0/2 confirmed (150s)
[11:49:06]   strands 0/2 confirmed (165s)
[11:49:21]   strands 0/2 confirmed (180s)
[11:49:36]   strands 0/2 confirmed (195s)
[11:49:51]   strands 0/2 confirmed (210s)
[11:50:06]   strands 0/2 confirmed (225s)
[11:50:21]   strands 0/2 confirmed (240s)
[11:50:36]   strands 0/2 confirmed (255s)
[11:50:51]   strands 0/2 confirmed (270s)
[11:51:06]   strands 0/2 confirmed (285s)
[11:51:21]   strands 0/2 confirmed (300s)
[11:51:36]   strands 0/2 confirmed (315s)
[11:51:51]   strands 2/2 confirmed (330s)
[11:51:51] all strand termini confirmed
[11:51:52] join_txid: 420d1b6b96f5015d7be73ea7e9d1581abe93f6cbdca7297dc44dd50753724cf8
[11:51:52] join broadcast
[11:51:52] wrote /Users/anthonyschultz/Desktop/Colegio_Invisible/working/cemetery/inscription_result.json
[11:51:52] DONE
