[20:16:27] ========================================================================
[20:16:27] RESUME BROADCAST — surveying strand state on chain
[20:16:27] ========================================================================
[20:16:27]   strand[image_0] 1 knots — on chain up to 0, resume from 1
[20:16:27]   strand[image_1] 355 knots — on chain up to 224, resume from 225
[20:16:27]   strand[image_2] 355 knots — on chain up to 224, resume from 225
[20:16:27]   strand[image_3] 355 knots — on chain up to 224, resume from 225
[20:16:27]   strand[image_4] 355 knots — on chain up to 224, resume from 225
[20:16:27]   strand[image_5] 355 knots — on chain up to 224, resume from 225
[20:16:27]   strand[image_6] 355 knots — on chain up to 224, resume from 225
[20:16:27]   strand[image_7] 355 knots — on chain up to 224, resume from 225
[20:16:27]   strand[image_8] 355 knots — on chain up to 224, resume from 225
[20:16:27]   strand[essay_0] 1 knots — on chain up to 0, resume from 1
[20:16:28]   strand[essay_1] 92 knots — on chain up to 91, resume from 92
[20:16:28]   strand[dichtung_0] 2 knots — on chain up to 1, resume from 2
[20:16:28]   strand[dichtung_1] 42 knots — on chain up to 41, resume from 42
[20:16:28]   strand[fett_0] 2 knots — on chain up to 1, resume from 2
[20:16:28]   strand[fett_1] 23 knots — on chain up to 22, resume from 23
[20:16:28]   strand[juden_0] 1 knots — on chain up to 0, resume from 1
[20:16:28]   strand[juden_1] 19 knots — on chain up to 18, resume from 19
[20:16:28] 
total knots: 3023   already on chain: 1983   to broadcast: 1040
[20:16:28]   strand[image_1] resuming from knot 225 (130 remaining)
[20:16:28]   strand[image_2] resuming from knot 225 (130 remaining)
[20:16:28]   strand[image_3] resuming from knot 225 (130 remaining)
[20:16:28]   strand[image_4] resuming from knot 225 (130 remaining)
[20:16:28]   strand[image_5] resuming from knot 225 (130 remaining)
[20:16:28]   strand[image_6] resuming from knot 225 (130 remaining)
[20:16:28]   strand[image_7] resuming from knot 225 (130 remaining)
[20:16:28]   strand[image_8] resuming from knot 225 (130 remaining)
[20:16:28] 
spawned 8 broadcast threads
[20:16:28]   strand[image_1] wave sent: knots 225..249 (250/355)
[20:16:28]   strand[image_4] wave sent: knots 225..249 (250/355)
[20:16:28]   strand[image_3] wave sent: knots 225..249 (250/355)
[20:16:28]   strand[image_6] wave sent: knots 225..249 (250/355)
[20:16:28]   strand[image_2] wave sent: knots 225..249 (250/355)
[20:16:28]   strand[image_8] wave sent: knots 225..249 (250/355)
[20:16:28]   strand[image_7] wave sent: knots 225..249 (250/355)
[20:16:28]   strand[image_5] wave sent: knots 225..249 (250/355)
[20:18:58]   strand[image_1] anchor knot 249 confirmed (150s)
[20:18:58]   strand[image_4] anchor knot 249 confirmed (150s)
[20:18:58]   strand[image_6] anchor knot 249 confirmed (150s)
[20:18:58]   strand[image_8] anchor knot 249 confirmed (150s)
[20:18:58]   strand[image_3] anchor knot 249 confirmed (150s)
[20:18:58]   strand[image_2] anchor knot 249 confirmed (150s)
[20:18:58]   strand[image_7] anchor knot 249 confirmed (150s)
[20:18:58]   strand[image_5] anchor knot 249 confirmed (150s)
[20:18:58]   strand[image_1] wave sent: knots 250..274 (275/355)
[20:18:58]   strand[image_4] wave sent: knots 250..274 (275/355)
[20:18:59]   strand[image_6] wave sent: knots 250..274 (275/355)
[20:18:59]   strand[image_3] wave sent: knots 250..274 (275/355)
[20:18:59]   strand[image_8] wave sent: knots 250..274 (275/355)
[20:18:59]   strand[image_2] wave sent: knots 250..274 (275/355)
[20:18:59]   strand[image_7] wave sent: knots 250..274 (275/355)
[20:18:59]   strand[image_5] wave sent: knots 250..274 (275/355)
[20:21:13]   strand[image_1] anchor knot 274 confirmed (135s)
[20:21:14]   strand[image_1] wave sent: knots 275..299 (300/355)
[20:21:14]   strand[image_4] anchor knot 274 confirmed (135s)
[20:21:14]   strand[image_6] anchor knot 274 confirmed (135s)
[20:21:14]   strand[image_5] anchor knot 274 confirmed (135s)
[20:21:14]   strand[image_3] anchor knot 274 confirmed (135s)
[20:21:14]   strand[image_8] anchor knot 274 confirmed (135s)
[20:21:14]   strand[image_7] anchor knot 274 confirmed (135s)
[20:21:14]   strand[image_2] anchor knot 274 confirmed (135s)
[20:21:14]   strand[image_4] wave sent: knots 275..299 (300/355)
[20:21:14]   strand[image_6] wave sent: knots 275..299 (300/355)
[20:21:14]   strand[image_5] wave sent: knots 275..299 (300/355)
[20:21:14]   strand[image_3] wave sent: knots 275..299 (300/355)
[20:21:14]   strand[image_2] wave sent: knots 275..299 (300/355)
[20:21:14]   strand[image_8] wave sent: knots 275..299 (300/355)
[20:21:14]   strand[image_7] wave sent: knots 275..299 (300/355)
[20:24:44]   strand[image_1] anchor knot 299 confirmed (210s)
[20:24:44]   strand[image_1] wave sent: knots 300..324 (325/355)
[20:24:44]   strand[image_4] anchor knot 299 confirmed (210s)
[20:24:44]   strand[image_6] anchor knot 299 confirmed (210s)
[20:24:44]   strand[image_4] wave sent: knots 300..324 (325/355)
[20:24:44]   strand[image_5] anchor knot 299 confirmed (210s)
[20:24:44]   strand[image_3] anchor knot 299 confirmed (210s)
[20:24:44]   strand[image_7] anchor knot 299 confirmed (210s)
[20:24:44]   strand[image_8] anchor knot 299 confirmed (210s)
[20:24:44]   strand[image_2] anchor knot 299 confirmed (210s)
[20:24:44]   strand[image_6] wave sent: knots 300..324 (325/355)
[20:24:45]   strand[image_5] wave sent: knots 300..324 (325/355)
[20:24:45]   strand[image_7] wave sent: knots 300..324 (325/355)
[20:24:45]   strand[image_8] wave sent: knots 300..324 (325/355)
[20:24:45]   strand[image_3] wave sent: knots 300..324 (325/355)
[20:24:45]   strand[image_2] wave sent: knots 300..324 (325/355)
[20:25:59]   strand[image_1] anchor knot 324 confirmed (75s)
[20:25:59]   strand[image_1] wave sent: knots 325..349 (350/355)
[20:25:59]   strand[image_4] anchor knot 324 confirmed (75s)
[20:25:59]   strand[image_4] wave sent: knots 325..349 (350/355)
[20:25:59]   strand[image_6] anchor knot 324 confirmed (75s)
[20:26:00]   strand[image_5] anchor knot 324 confirmed (75s)
[20:26:00]   strand[image_6] wave sent: knots 325..349 (350/355)
[20:26:00]   strand[image_3] anchor knot 324 confirmed (75s)
[20:26:00]   strand[image_8] anchor knot 324 confirmed (75s)
[20:26:00]   strand[image_7] anchor knot 324 confirmed (75s)
[20:26:00]   strand[image_2] anchor knot 324 confirmed (75s)
[20:26:00]   strand[image_5] wave sent: knots 325..349 (350/355)
[20:26:00]   strand[image_3] wave sent: knots 325..349 (350/355)
[20:26:00]   strand[image_7] wave sent: knots 325..349 (350/355)
[20:26:00]   strand[image_8] wave sent: knots 325..349 (350/355)
[20:26:00]   strand[image_2] wave sent: knots 325..349 (350/355)
[20:27:29]   strand[image_1] anchor knot 349 confirmed (90s)
[20:27:29]   strand[image_1] wave sent: knots 350..354 (355/355)
[20:27:29]   strand[image_1] DONE (terminus 98f8164aff787111…)
[20:27:29]   strand[image_4] anchor knot 349 confirmed (90s)
[20:27:29]   strand[image_4] wave sent: knots 350..354 (355/355)
[20:27:29]   strand[image_4] DONE (terminus 37ea43c038f2a8a0…)
[20:27:30]   strand[image_6] anchor knot 349 confirmed (90s)
[20:27:30]   strand[image_6] wave sent: knots 350..354 (355/355)
[20:27:30]   strand[image_6] DONE (terminus bb479e1de285a122…)
[20:27:30]   strand[image_5] anchor knot 349 confirmed (90s)
[20:27:30]   strand[image_5] wave sent: knots 350..354 (355/355)
[20:27:30]   strand[image_5] DONE (terminus 705fb67a20bd4c10…)
[20:27:30]   strand[image_3] anchor knot 349 confirmed (90s)
[20:27:30]   strand[image_7] anchor knot 349 confirmed (90s)
[20:27:30]   strand[image_8] anchor knot 349 confirmed (90s)
[20:27:30]   strand[image_2] anchor knot 349 confirmed (90s)
[20:27:30]   strand[image_3] wave sent: knots 350..354 (355/355)
[20:27:30]   strand[image_3] DONE (terminus 1afe06a34ee8d701…)
[20:27:30]   strand[image_8] wave sent: knots 350..354 (355/355)
[20:27:30]   strand[image_8] DONE (terminus 80348d1cb2a9bd7e…)
[20:27:30]   strand[image_7] wave sent: knots 350..354 (355/355)
[20:27:30]   strand[image_7] DONE (terminus 0c449466ae4ae8d7…)
[20:27:30]   strand[image_2] wave sent: knots 350..354 (355/355)
[20:27:30]   strand[image_2] DONE (terminus 52b11af265cb18a1…)
[20:27:30] 
all strand threads finished
[20:27:30] 
broadcasting mega-join 9336717933d019b9…
[20:27:30]   *** mega-join broadcast FAILED: RPC request failed (500): {"result":null,"error":{"code":-26,"message":"64: too-long-mempool-chain"},"id":0}
 ***
[20:27:30] 
========================================================================
[20:27:30] RESUME BROADCAST DONE
[20:27:30] ========================================================================
