/Users/anthonyschultz/Desktop/Colegio_Invisible/.venv/lib/python3.9/site-packages/urllib3/__init__.py:35: NotOpenSSLWarning: urllib3 v2 only supports OpenSSL 1.1.1+, currently the 'ssl' module is compiled with 'LibreSSL 2.8.3'. See: https://github.com/urllib3/urllib3/issues/3020
  warnings.warn(

  You can now view your Streamlit app in your browser.

  Local URL: http://localhost:8501
  Network URL: http://192.168.1.8:8501
  External URL: http://186.108.175.40:8501

  For better performance, install the Watchdog module:

  $ xcode-select --install
  $ pip install watchdog
            
/Users/anthonyschultz/Desktop/Colegio_Invisible/quipu_viewer.py:124: DeprecationWarning: 'mode' parameter is deprecated and will be removed in Pillow 13 (2026-10-15)
  return Image.fromarray(arr.reshape((H, W)), mode="L")
/Users/anthonyschultz/Desktop/Colegio_Invisible/quipu_viewer.py:125: DeprecationWarning: 'mode' parameter is deprecated and will be removed in Pillow 13 (2026-10-15)
  return Image.fromarray(arr.reshape((H, W, 3)), mode="RGB")
/Users/anthonyschultz/Desktop/Colegio_Invisible/quipu_viewer.py:125: DeprecationWarning: 'mode' parameter is deprecated and will be removed in Pillow 13 (2026-10-15)
  return Image.fromarray(arr.reshape((H, W, 3)), mode="RGB")
/Users/anthonyschultz/Desktop/Colegio_Invisible/quipu_viewer.py:125: DeprecationWarning: 'mode' parameter is deprecated and will be removed in Pillow 13 (2026-10-15)
  return Image.fromarray(arr.reshape((H, W, 3)), mode="RGB")
/Users/anthonyschultz/Desktop/Colegio_Invisible/quipu_viewer.py:125: DeprecationWarning: 'mode' parameter is deprecated and will be removed in Pillow 13 (2026-10-15)
  return Image.fromarray(arr.reshape((H, W, 3)), mode="RGB")
/Users/anthonyschultz/Desktop/Colegio_Invisible/quipu_viewer.py:124: DeprecationWarning: 'mode' parameter is deprecated and will be removed in Pillow 13 (2026-10-15)
  return Image.fromarray(arr.reshape((H, W)), mode="L")
/Users/anthonyschultz/Desktop/Colegio_Invisible/quipu_viewer.py:124: DeprecationWarning: 'mode' parameter is deprecated and will be removed in Pillow 13 (2026-10-15)
  return Image.fromarray(arr.reshape((H, W)), mode="L")
/Users/anthonyschultz/Desktop/Colegio_Invisible/quipu_viewer.py:124: DeprecationWarning: 'mode' parameter is deprecated and will be removed in Pillow 13 (2026-10-15)
  return Image.fromarray(arr.reshape((H, W)), mode="L")
/Users/anthonyschultz/Desktop/Colegio_Invisible/quipu_viewer.py:125: DeprecationWarning: 'mode' parameter is deprecated and will be removed in Pillow 13 (2026-10-15)
  return Image.fromarray(arr.reshape((H, W, 3)), mode="RGB")
/Users/anthonyschultz/Desktop/Colegio_Invisible/quipu_viewer.py:125: DeprecationWarning: 'mode' parameter is deprecated and will be removed in Pillow 13 (2026-10-15)
  return Image.fromarray(arr.reshape((H, W, 3)), mode="RGB")
/Users/anthonyschultz/Desktop/Colegio_Invisible/quipu_viewer.py:125: DeprecationWarning: 'mode' parameter is deprecated and will be removed in Pillow 13 (2026-10-15)
  return Image.fromarray(arr.reshape((H, W, 3)), mode="RGB")
/Users/anthonyschultz/Desktop/Colegio_Invisible/quipu_viewer.py:125: DeprecationWarning: 'mode' parameter is deprecated and will be removed in Pillow 13 (2026-10-15)
  return Image.fromarray(arr.reshape((H, W, 3)), mode="RGB")
/Users/anthonyschultz/Desktop/Colegio_Invisible/quipu_viewer.py:124: DeprecationWarning: 'mode' parameter is deprecated and will be removed in Pillow 13 (2026-10-15)
  return Image.fromarray(arr.reshape((H, W)), mode="L")
/Users/anthonyschultz/Desktop/Colegio_Invisible/quipu_viewer.py:124: DeprecationWarning: 'mode' parameter is deprecated and will be removed in Pillow 13 (2026-10-15)
  return Image.fromarray(arr.reshape((H, W)), mode="L")
/Users/anthonyschultz/Desktop/Colegio_Invisible/quipu_viewer.py:124: DeprecationWarning: 'mode' parameter is deprecated and will be removed in Pillow 13 (2026-10-15)
  return Image.fromarray(arr.reshape((H, W)), mode="L")
/Users/anthonyschultz/Desktop/Colegio_Invisible/quipu_viewer.py:125: DeprecationWarning: 'mode' parameter is deprecated and will be removed in Pillow 13 (2026-10-15)
  return Image.fromarray(arr.reshape((H, W, 3)), mode="RGB")
/Users/anthonyschultz/Desktop/Colegio_Invisible/quipu_viewer.py:125: DeprecationWarning: 'mode' parameter is deprecated and will be removed in Pillow 13 (2026-10-15)
  return Image.fromarray(arr.reshape((H, W, 3)), mode="RGB")
/Users/anthonyschultz/Desktop/Colegio_Invisible/quipu_viewer.py:125: DeprecationWarning: 'mode' parameter is deprecated and will be removed in Pillow 13 (2026-10-15)
  return Image.fromarray(arr.reshape((H, W, 3)), mode="RGB")
/Users/anthonyschultz/Desktop/Colegio_Invisible/quipu_viewer.py:125: DeprecationWarning: 'mode' parameter is deprecated and will be removed in Pillow 13 (2026-10-15)
  return Image.fromarray(arr.reshape((H, W, 3)), mode="RGB")
/Users/anthonyschultz/Desktop/Colegio_Invisible/quipu_viewer.py:124: DeprecationWarning: 'mode' parameter is deprecated and will be removed in Pillow 13 (2026-10-15)
  return Image.fromarray(arr.reshape((H, W)), mode="L")
/Users/anthonyschultz/Desktop/Colegio_Invisible/quipu_viewer.py:124: DeprecationWarning: 'mode' parameter is deprecated and will be removed in Pillow 13 (2026-10-15)
  return Image.fromarray(arr.reshape((H, W)), mode="L")
/Users/anthonyschultz/Desktop/Colegio_Invisible/quipu_viewer.py:124: DeprecationWarning: 'mode' parameter is deprecated and will be removed in Pillow 13 (2026-10-15)
  return Image.fromarray(arr.reshape((H, W)), mode="L")
/Users/anthonyschultz/Desktop/Colegio_Invisible/quipu_viewer.py:125: DeprecationWarning: 'mode' parameter is deprecated and will be removed in Pillow 13 (2026-10-15)
  return Image.fromarray(arr.reshape((H, W, 3)), mode="RGB")
/Users/anthonyschultz/Desktop/Colegio_Invisible/quipu_viewer.py:125: DeprecationWarning: 'mode' parameter is deprecated and will be removed in Pillow 13 (2026-10-15)
  return Image.fromarray(arr.reshape((H, W, 3)), mode="RGB")
/Users/anthonyschultz/Desktop/Colegio_Invisible/quipu_viewer.py:125: DeprecationWarning: 'mode' parameter is deprecated and will be removed in Pillow 13 (2026-10-15)
  return Image.fromarray(arr.reshape((H, W, 3)), mode="RGB")
/Users/anthonyschultz/Desktop/Colegio_Invisible/quipu_viewer.py:125: DeprecationWarning: 'mode' parameter is deprecated and will be removed in Pillow 13 (2026-10-15)
  return Image.fromarray(arr.reshape((H, W, 3)), mode="RGB")
/Users/anthonyschultz/Desktop/Colegio_Invisible/quipu_viewer.py:124: DeprecationWarning: 'mode' parameter is deprecated and will be removed in Pillow 13 (2026-10-15)
  return Image.fromarray(arr.reshape((H, W)), mode="L")
/Users/anthonyschultz/Desktop/Colegio_Invisible/quipu_viewer.py:124: DeprecationWarning: 'mode' parameter is deprecated and will be removed in Pillow 13 (2026-10-15)
  return Image.fromarray(arr.reshape((H, W)), mode="L")
/Users/anthonyschultz/Desktop/Colegio_Invisible/quipu_viewer.py:124: DeprecationWarning: 'mode' parameter is deprecated and will be removed in Pillow 13 (2026-10-15)
  return Image.fromarray(arr.reshape((H, W)), mode="L")
